// Jest Snapshot v1, https://goo.gl/fbAQLP

exports[`Introduction Form should have 3 inputs and match snapshot 1`] = `
[
  <input
    aria-required="true"
    autocomplete="off"
    class="ant-input-number-input"
    id="deviceInfo_power"
    role="spinbutton"
    step="1"
    value=""
  />,
  <input
    aria-required="true"
    aria-valuemax="31"
    aria-valuemin="1"
    autocomplete="off"
    class="ant-input-number-input"
    id="deviceInfo_month_use"
    role="spinbutton"
    step="1"
    value=""
  />,
  <input
    aria-activedescendant="deviceInfo_daily_use_list_0"
    aria-autocomplete="list"
    aria-controls="deviceInfo_daily_use_list"
    aria-expanded="false"
    aria-haspopup="listbox"
    aria-owns="deviceInfo_daily_use_list"
    aria-required="true"
    autocomplete="off"
    class="ant-select-selection-search-input"
    id="deviceInfo_daily_use"
    readonly=""
    role="combobox"
    style="opacity: 0;"
    type="search"
    unselectable="on"
    value=""
  />,
]
`;
